{
  "version": "1.5.0",
  "plugins_used": [
    {
      "name": "ArtifactoryDetector"
    },
    {
      "name": "AWSKeyDetector"
    },
    {
      "name": "AzureStorageKeyDetector"
    },
    {
      "name": "Base64HighEntropyString",
      "limit": 4.5
    },
    {
      "name": "BasicAuthDetector"
    },
    {
      "name": "CloudantDetector"
    },
    {
      "name": "DiscordBotTokenDetector"
    },
    {
      "name": "GitHubTokenDetector"
    },
    {
      "name": "GitLabTokenDetector"
    },
    {
      "name": "HexHighEntropyString",
      "limit": 3.0
    },
    {
      "name": "IbmCloudIamDetector"
    },
    {
      "name": "IbmCosHmacDetector"
    },
    {
      "name": "IPPublicDetector"
    },
    {
      "name": "JwtTokenDetector"
    },
    {
      "name": "KeywordDetector",
      "keyword_exclude": ""
    },
    {
      "name": "MailchimpDetector"
    },
    {
      "name": "NpmDetector"
    },
    {
      "name": "OpenAIDetector"
    },
    {
      "name": "PrivateKeyDetector"
    },
    {
      "name": "PypiTokenDetector"
    },
    {
      "name": "SendGridDetector"
    },
    {
      "name": "SlackDetector"
    },
    {
      "name": "SoftlayerDetector"
    },
    {
      "name": "SquareOAuthDetector"
    },
    {
      "name": "StripeDetector"
    },
    {
      "name": "TelegramBotTokenDetector"
    },
    {
      "name": "TwilioKeyDetector"
    }
  ],
  "filters_used": [
    {
      "path": "detect_secrets.filters.allowlist.is_line_allowlisted"
    },
    {
      "path": "detect_secrets.filters.common.is_baseline_file",
      "filename": ".secrets.baseline"
    },
    {
      "path": "detect_secrets.filters.common.is_ignored_due_to_verification_policies",
      "min_level": 2
    },
    {
      "path": "detect_secrets.filters.heuristic.is_indirect_reference"
    },
    {
      "path": "detect_secrets.filters.heuristic.is_likely_id_string"
    },
    {
      "path": "detect_secrets.filters.heuristic.is_lock_file"
    },
    {
      "path": "detect_secrets.filters.heuristic.is_not_alphanumeric_string"
    },
    {
      "path": "detect_secrets.filters.heuristic.is_potential_uuid"
    },
    {
      "path": "detect_secrets.filters.heuristic.is_prefixed_with_dollar_sign"
    },
    {
      "path": "detect_secrets.filters.heuristic.is_sequential_string"
    },
    {
      "path": "detect_secrets.filters.heuristic.is_swagger_file"
    },
    {
      "path": "detect_secrets.filters.heuristic.is_templated_secret"
    },
    {
      "path": "detect_secrets.filters.regex.should_exclude_file",
      "pattern": [
        "\\.venv/|__pycache__/|\\.git/|\\.mypy_cache/|\\.pytest_cache/|\\.ruff_cache/|audit/|\\.secrets\\.baseline"
      ]
    }
  ],
  "results": {
    "artifacts/verifier/mc3/A-pr25-plan-public.json": [
      {
        "type": "Hex High Entropy String",
        "filename": "artifacts/verifier/mc3/A-pr25-plan-public.json",
        "hashed_secret": "21e9bd7e466f07ba719a62f6759502289331594b",
        "is_verified": false,
        "line_number": 1
      },
      {
        "type": "Hex High Entropy String",
        "filename": "artifacts/verifier/mc3/A-pr25-plan-public.json",
        "hashed_secret": "35683bc44fa9c361968a1db7049252c31a754816",
        "is_verified": false,
        "line_number": 1
      },
      {
        "type": "Hex High Entropy String",
        "filename": "artifacts/verifier/mc3/A-pr25-plan-public.json",
        "hashed_secret": "505070a69da5840c0c76f76d5b6a7d1ccfadd6e7",
        "is_verified": false,
        "line_number": 1
      },
      {
        "type": "Hex High Entropy String",
        "filename": "artifacts/verifier/mc3/A-pr25-plan-public.json",
        "hashed_secret": "84a548c94c294dd0bfdc9e4f867477fa6a2d2671",
        "is_verified": false,
        "line_number": 1
      },
      {
        "type": "Hex High Entropy String",
        "filename": "artifacts/verifier/mc3/A-pr25-plan-public.json",
        "hashed_secret": "bc68b29ead49bf7aa63723585cd5a6314a6d1ba5",
        "is_verified": false,
        "line_number": 1
      }
    ],
    "artifacts/verifier/mc3/A-pr25-public.json": [
      {
        "type": "Hex High Entropy String",
        "filename": "artifacts/verifier/mc3/A-pr25-public.json",
        "hashed_secret": "0c2a344f0b5a8a6c222b2f0f4ccb8b37b885bec8",
        "is_verified": false,
        "line_number": 1
      },
      {
        "type": "Hex High Entropy String",
        "filename": "artifacts/verifier/mc3/A-pr25-public.json",
        "hashed_secret": "21e9bd7e466f07ba719a62f6759502289331594b",
        "is_verified": false,
        "line_number": 1
      },
      {
        "type": "Hex High Entropy String",
        "filename": "artifacts/verifier/mc3/A-pr25-public.json",
        "hashed_secret": "27dca11f42d87082a214c159400b473ec84fedad",
        "is_verified": false,
        "line_number": 1
      },
      {
        "type": "Hex High Entropy String",
        "filename": "artifacts/verifier/mc3/A-pr25-public.json",
        "hashed_secret": "4c85967d5574c122bcfdac23233785a2b99acce5",
        "is_verified": false,
        "line_number": 1
      },
      {
        "type": "Hex High Entropy String",
        "filename": "artifacts/verifier/mc3/A-pr25-public.json",
        "hashed_secret": "505070a69da5840c0c76f76d5b6a7d1ccfadd6e7",
        "is_verified": false,
        "line_number": 1
      },
      {
        "type": "Hex High Entropy String",
        "filename": "artifacts/verifier/mc3/A-pr25-public.json",
        "hashed_secret": "7b98c717687914d9137fe538401c1ad032778a59",
        "is_verified": false,
        "line_number": 1
      },
      {
        "type": "Hex High Entropy String",
        "filename": "artifacts/verifier/mc3/A-pr25-public.json",
        "hashed_secret": "84a548c94c294dd0bfdc9e4f867477fa6a2d2671",
        "is_verified": false,
        "line_number": 1
      },
      {
        "type": "Hex High Entropy String",
        "filename": "artifacts/verifier/mc3/A-pr25-public.json",
        "hashed_secret": "bc68b29ead49bf7aa63723585cd5a6314a6d1ba5",
        "is_verified": false,
        "line_number": 1
      }
    ],
    "artifacts/verifier/mc3/B-precursor-plan-public.json": [
      {
        "type": "Hex High Entropy String",
        "filename": "artifacts/verifier/mc3/B-precursor-plan-public.json",
        "hashed_secret": "2a859c542ccee4c98b39137ccf106248b777f393",
        "is_verified": false,
        "line_number": 1
      },
      {
        "type": "Hex High Entropy String",
        "filename": "artifacts/verifier/mc3/B-precursor-plan-public.json",
        "hashed_secret": "33317cff73f9a2c3b1258dada9e23795f62c1361",
        "is_verified": false,
        "line_number": 1
      },
      {
        "type": "Hex High Entropy String",
        "filename": "artifacts/verifier/mc3/B-precursor-plan-public.json",
        "hashed_secret": "4aca1c453b31ead567873164ba3f5037add0123f",
        "is_verified": false,
        "line_number": 1
      },
      {
        "type": "Hex High Entropy String",
        "filename": "artifacts/verifier/mc3/B-precursor-plan-public.json",
        "hashed_secret": "505070a69da5840c0c76f76d5b6a7d1ccfadd6e7",
        "is_verified": false,
        "line_number": 1
      },
      {
        "type": "Hex High Entropy String",
        "filename": "artifacts/verifier/mc3/B-precursor-plan-public.json",
        "hashed_secret": "a3a16cd66a3c73c7ceeaea800d2d709db577cff0",
        "is_verified": false,
        "line_number": 1
      }
    ],
    "artifacts/verifier/mc3/B-precursor-public.json": [
      {
        "type": "Hex High Entropy String",
        "filename": "artifacts/verifier/mc3/B-precursor-public.json",
        "hashed_secret": "0080ec372075b14a7a5b2c7d74cb0fc48a8c2c44",
        "is_verified": false,
        "line_number": 1
      },
      {
        "type": "Hex High Entropy String",
        "filename": "artifacts/verifier/mc3/B-precursor-public.json",
        "hashed_secret": "020f47b33f19d01351c85b1a68885165f97c7aa0",
        "is_verified": false,
        "line_number": 1
      },
      {
        "type": "Hex High Entropy String",
        "filename": "artifacts/verifier/mc3/B-precursor-public.json",
        "hashed_secret": "08dec82409f9ed8dd58b7e256431f3e0acd70967",
        "is_verified": false,
        "line_number": 1
      },
      {
        "type": "Hex High Entropy String",
        "filename": "artifacts/verifier/mc3/B-precursor-public.json",
        "hashed_secret": "095e2c7d72e0cfb7b42aed0dd175c49fcd148e48",
        "is_verified": false,
        "line_number": 1
      },
      {
        "type": "Hex High Entropy String",
        "filename": "artifacts/verifier/mc3/B-precursor-public.json",
        "hashed_secret": "0f392362f0c47647a47a6043967dda602a8d8d82",
        "is_verified": false,
        "line_number": 1
      },
      {
        "type": "Hex High Entropy String",
        "filename": "artifacts/verifier/mc3/B-precursor-public.json",
        "hashed_secret": "19967ee15e3e0bceaa8bfdfa98cad8513eaa9a01",
        "is_verified": false,
        "line_number": 1
      },
      {
        "type": "Hex High Entropy String",
        "filename": "artifacts/verifier/mc3/B-precursor-public.json",
        "hashed_secret": "2a859c542ccee4c98b39137ccf106248b777f393",
        "is_verified": false,
        "line_number": 1
      },
      {
        "type": "Hex High Entropy String",
        "filename": "artifacts/verifier/mc3/B-precursor-public.json",
        "hashed_secret": "314429cb42309d8d5264757990f9f890b68f8fb7",
        "is_verified": false,
        "line_number": 1
      },
      {
        "type": "Hex High Entropy String",
        "filename": "artifacts/verifier/mc3/B-precursor-public.json",
        "hashed_secret": "33317cff73f9a2c3b1258dada9e23795f62c1361",
        "is_verified": false,
        "line_number": 1
      },
      {
        "type": "Hex High Entropy String",
        "filename": "artifacts/verifier/mc3/B-precursor-public.json",
        "hashed_secret": "343ecd9eb8f0fda1ddaae5c0e7d08d01ab865761",
        "is_verified": false,
        "line_number": 1
      },
      {
        "type": "Hex High Entropy String",
        "filename": "artifacts/verifier/mc3/B-precursor-public.json",
        "hashed_secret": "3e518b143fa811524393a2fbe8bfa3029fa91776",
        "is_verified": false,
        "line_number": 1
      },
      {
        "type": "Hex High Entropy String",
        "filename": "artifacts/verifier/mc3/B-precursor-public.json",
        "hashed_secret": "422d5baa0ffffc87b4566d6c5e1433d4639f42d0",
        "is_verified": false,
        "line_number": 1
      },
      {
        "type": "Hex High Entropy String",
        "filename": "artifacts/verifier/mc3/B-precursor-public.json",
        "hashed_secret": "44e34a61e95c935d3ee649cb7d7abf8ef2b69228",
        "is_verified": false,
        "line_number": 1
      },
      {
        "type": "Hex High Entropy String",
        "filename": "artifacts/verifier/mc3/B-precursor-public.json",
        "hashed_secret": "46471222ffe13019d6e465e0e17727eb615e4426",
        "is_verified": false,
        "line_number": 1
      },
      {
        "type": "Hex High Entropy String",
        "filename": "artifacts/verifier/mc3/B-precursor-public.json",
        "hashed_secret": "49fe5bb30984c880d4b9f5dbef2ff96e5de20560",
        "is_verified": false,
        "line_number": 1
      },
      {
        "type": "Hex High Entropy String",
        "filename": "artifacts/verifier/mc3/B-precursor-public.json",
        "hashed_secret": "4aca1c453b31ead567873164ba3f5037add0123f",
        "is_verified": false,
        "line_number": 1
      },
      {
        "type": "Hex High Entropy String",
        "filename": "artifacts/verifier/mc3/B-precursor-public.json",
        "hashed_secret": "4cf998d9e59fdfd7aedd2bce08a1f7a0634bbb04",
        "is_verified": false,
        "line_number": 1
      },
      {
        "type": "Hex High Entropy String",
        "filename": "artifacts/verifier/mc3/B-precursor-public.json",
        "hashed_secret": "4d92b594768810dbcafdd36dc452ab95c1ac7f93",
        "is_verified": false,
        "line_number": 1
      },
      {
        "type": "Hex High Entropy String",
        "filename": "artifacts/verifier/mc3/B-precursor-public.json",
        "hashed_secret": "4f808b1f1c42cb19e2aea2a9c386b5aeb662a060",
        "is_verified": false,
        "line_number": 1
      },
      {
        "type": "Hex High Entropy String",
        "filename": "artifacts/verifier/mc3/B-precursor-public.json",
        "hashed_secret": "505070a69da5840c0c76f76d5b6a7d1ccfadd6e7",
        "is_verified": false,
        "line_number": 1
      },
      {
        "type": "Hex High Entropy String",
        "filename": "artifacts/verifier/mc3/B-precursor-public.json",
        "hashed_secret": "5b4fafaf56fe0e6bfda257d6bf3e999d82526de2",
        "is_verified": false,
        "line_number": 1
      },
      {
        "type": "Hex High Entropy String",
        "filename": "artifacts/verifier/mc3/B-precursor-public.json",
        "hashed_secret": "6b4e1d116debda84fda97c6d33c55253d479b088",
        "is_verified": false,
        "line_number": 1
      },
      {
        "type": "Hex High Entropy String",
        "filename": "artifacts/verifier/mc3/B-precursor-public.json",
        "hashed_secret": "7270500219feba9a8e799574ab7bfa62fa481611",
        "is_verified": false,
        "line_number": 1
      },
      {
        "type": "Hex High Entropy String",
        "filename": "artifacts/verifier/mc3/B-precursor-public.json",
        "hashed_secret": "77f01ed60d9beadf907eb3ebc21cb6d10e1bb8ee",
        "is_verified": false,
        "line_number": 1
      },
      {
        "type": "Hex High Entropy String",
        "filename": "artifacts/verifier/mc3/B-precursor-public.json",
        "hashed_secret": "7bab2a8ef389d5947afccbaaeb0a224a441a8d01",
        "is_verified": false,
        "line_number": 1
      },
      {
        "type": "Hex High Entropy String",
        "filename": "artifacts/verifier/mc3/B-precursor-public.json",
        "hashed_secret": "7c71d6dcf11b93697a624e794cb82cefd2d16c81",
        "is_verified": false,
        "line_number": 1
      },
      {
        "type": "Hex High Entropy String",
        "filename": "artifacts/verifier/mc3/B-precursor-public.json",
        "hashed_secret": "82f6e4b907f4d3e54ca0ff7ea4bca034fa527475",
        "is_verified": false,
        "line_number": 1
      },
      {
        "type": "Hex High Entropy String",
        "filename": "artifacts/verifier/mc3/B-precursor-public.json",
        "hashed_secret": "8311e02d4e1814eebb32a78dc60228a4301dc970",
        "is_verified": false,
        "line_number": 1
      },
      {
        "type": "Hex High Entropy String",
        "filename": "artifacts/verifier/mc3/B-precursor-public.json",
        "hashed_secret": "8a4cd5fffa904e8930dcaf6c4a0a536b8135c554",
        "is_verified": false,
        "line_number": 1
      },
      {
        "type": "Hex High Entropy String",
        "filename": "artifacts/verifier/mc3/B-precursor-public.json",
        "hashed_secret": "909cf174ca6676a17f4f8535490ea8e1f82e6eff",
        "is_verified": false,
        "line_number": 1
      },
      {
        "type": "Hex High Entropy String",
        "filename": "artifacts/verifier/mc3/B-precursor-public.json",
        "hashed_secret": "91644776b9184382adf19fd3ca9ad8f1560c8173",
        "is_verified": false,
        "line_number": 1
      },
      {
        "type": "Hex High Entropy String",
        "filename": "artifacts/verifier/mc3/B-precursor-public.json",
        "hashed_secret": "9805d80dbaf3cbe09b01dbe0b63b55354482b5a0",
        "is_verified": false,
        "line_number": 1
      },
      {
        "type": "Hex High Entropy String",
        "filename": "artifacts/verifier/mc3/B-precursor-public.json",
        "hashed_secret": "a4ef1371dd909b1c67609fd7ab423e4904f2b1cd",
        "is_verified": false,
        "line_number": 1
      },
      {
        "type": "Hex High Entropy String",
        "filename": "artifacts/verifier/mc3/B-precursor-public.json",
        "hashed_secret": "a9e6c027515d05553666501adc5f2fbcd3bb18f2",
        "is_verified": false,
        "line_number": 1
      },
      {
        "type": "Hex High Entropy String",
        "filename": "artifacts/verifier/mc3/B-precursor-public.json",
        "hashed_secret": "b67be3591c2c5a353988d0dade5da951bb6aa3c6",
        "is_verified": false,
        "line_number": 1
      },
      {
        "type": "Hex High Entropy String",
        "filename": "artifacts/verifier/mc3/B-precursor-public.json",
        "hashed_secret": "b6d4bdce4d792c4789072be7d52a37fbb3ff8b92",
        "is_verified": false,
        "line_number": 1
      },
      {
        "type": "Hex High Entropy String",
        "filename": "artifacts/verifier/mc3/B-precursor-public.json",
        "hashed_secret": "bb004729f90b0d41620f8fb2097586a1d34c012f",
        "is_verified": false,
        "line_number": 1
      },
      {
        "type": "Hex High Entropy String",
        "filename": "artifacts/verifier/mc3/B-precursor-public.json",
        "hashed_secret": "bdc8e47042b6b8248bd0babd064c6fcbf6da75cb",
        "is_verified": false,
        "line_number": 1
      },
      {
        "type": "Hex High Entropy String",
        "filename": "artifacts/verifier/mc3/B-precursor-public.json",
        "hashed_secret": "c164bf97b80d125823c87d542c1b996941e28844",
        "is_verified": false,
        "line_number": 1
      },
      {
        "type": "Hex High Entropy String",
        "filename": "artifacts/verifier/mc3/B-precursor-public.json",
        "hashed_secret": "cca1bfb1300e6233de12fb1528d75e413c12b356",
        "is_verified": false,
        "line_number": 1
      },
      {
        "type": "Hex High Entropy String",
        "filename": "artifacts/verifier/mc3/B-precursor-public.json",
        "hashed_secret": "d1c487583105ab399a7f92ba6ed9cc0576c6d626",
        "is_verified": false,
        "line_number": 1
      },
      {
        "type": "Hex High Entropy String",
        "filename": "artifacts/verifier/mc3/B-precursor-public.json",
        "hashed_secret": "d440e01ba5b3fa975f0d3657c95e047bbca773a5",
        "is_verified": false,
        "line_number": 1
      },
      {
        "type": "Hex High Entropy String",
        "filename": "artifacts/verifier/mc3/B-precursor-public.json",
        "hashed_secret": "d6fbbb841ec6d92ffc180f04f44edcd504863f4a",
        "is_verified": false,
        "line_number": 1
      },
      {
        "type": "Hex High Entropy String",
        "filename": "artifacts/verifier/mc3/B-precursor-public.json",
        "hashed_secret": "d866401e2e8823ea4b44c9c580c86cbb7127a350",
        "is_verified": false,
        "line_number": 1
      },
      {
        "type": "Hex High Entropy String",
        "filename": "artifacts/verifier/mc3/B-precursor-public.json",
        "hashed_secret": "e0db38a66fbc11d0a6fdbcd31c3dee98d45fef06",
        "is_verified": false,
        "line_number": 1
      },
      {
        "type": "Hex High Entropy String",
        "filename": "artifacts/verifier/mc3/B-precursor-public.json",
        "hashed_secret": "e19941724442506ad929115bb19258ca81e7cd49",
        "is_verified": false,
        "line_number": 1
      },
      {
        "type": "Hex High Entropy String",
        "filename": "artifacts/verifier/mc3/B-precursor-public.json",
        "hashed_secret": "e2bb87b54f8c27f1c42fcad15a567e6ef2a88048",
        "is_verified": false,
        "line_number": 1
      },
      {
        "type": "Hex High Entropy String",
        "filename": "artifacts/verifier/mc3/B-precursor-public.json",
        "hashed_secret": "e3561990a760826fd6fc82377657fa86bcfbfd00",
        "is_verified": false,
        "line_number": 1
      },
      {
        "type": "Hex High Entropy String",
        "filename": "artifacts/verifier/mc3/B-precursor-public.json",
        "hashed_secret": "ebc32eaabf2a32c0ca4a0cca0b84088665251994",
        "is_verified": false,
        "line_number": 1
      },
      {
        "type": "Hex High Entropy String",
        "filename": "artifacts/verifier/mc3/B-precursor-public.json",
        "hashed_secret": "ec3fba6a0da164c62a05c7d90bd526aa1921c235",
        "is_verified": false,
        "line_number": 1
      },
      {
        "type": "Hex High Entropy String",
        "filename": "artifacts/verifier/mc3/B-precursor-public.json",
        "hashed_secret": "f171286cbedeb64d3311e8604d6cbdc021003c82",
        "is_verified": false,
        "line_number": 1
      },
      {
        "type": "Hex High Entropy String",
        "filename": "artifacts/verifier/mc3/B-precursor-public.json",
        "hashed_secret": "f2cda77c5602c4212800d055bcd7bae6e69e89aa",
        "is_verified": false,
        "line_number": 1
      },
      {
        "type": "Hex High Entropy String",
        "filename": "artifacts/verifier/mc3/B-precursor-public.json",
        "hashed_secret": "fa37842b11e5984cc7509772fd780b1fde3508eb",
        "is_verified": false,
        "line_number": 1
      },
      {
        "type": "Hex High Entropy String",
        "filename": "artifacts/verifier/mc3/B-precursor-public.json",
        "hashed_secret": "fcf7342af27e93b1d20f9351aa95d1fae68f88cb",
        "is_verified": false,
        "line_number": 1
      },
      {
        "type": "Hex High Entropy String",
        "filename": "artifacts/verifier/mc3/B-precursor-public.json",
        "hashed_secret": "fd32c003854ee50026d203ae9bcc647b4d34da21",
        "is_verified": false,
        "line_number": 1
      },
      {
        "type": "Hex High Entropy String",
        "filename": "artifacts/verifier/mc3/B-precursor-public.json",
        "hashed_secret": "fd96f5649d43770bf6d1628f64fcbdbb103b7fa7",
        "is_verified": false,
        "line_number": 1
      }
    ],
    "artifacts/verifier/mc3/C-pr23-plan-public.json": [
      {
        "type": "Hex High Entropy String",
        "filename": "artifacts/verifier/mc3/C-pr23-plan-public.json",
        "hashed_secret": "015aa4146a198ae9a8c1aa21009f14873b61f1d1",
        "is_verified": false,
        "line_number": 1
      },
      {
        "type": "Hex High Entropy String",
        "filename": "artifacts/verifier/mc3/C-pr23-plan-public.json",
        "hashed_secret": "06b5d32230a99515fd4c30762be9ad97e27daaa8",
        "is_verified": false,
        "line_number": 1
      },
      {
        "type": "Hex High Entropy String",
        "filename": "artifacts/verifier/mc3/C-pr23-plan-public.json",
        "hashed_secret": "cc7080f520bc97844674434b68d2d3efe83803c7",
        "is_verified": false,
        "line_number": 1
      },
      {
        "type": "Hex High Entropy String",
        "filename": "artifacts/verifier/mc3/C-pr23-plan-public.json",
        "hashed_secret": "d2195f319cd7eba42cdf3fbec89d660882ed7b8d",
        "is_verified": false,
        "line_number": 1
      },
      {
        "type": "Hex High Entropy String",
        "filename": "artifacts/verifier/mc3/C-pr23-plan-public.json",
        "hashed_secret": "e4369808158594d47fcf921fc5bb5236dc94307d",
        "is_verified": false,
        "line_number": 1
      }
    ],
    "artifacts/verifier/mc3/C-pr23-public.json": [
      {
        "type": "Hex High Entropy String",
        "filename": "artifacts/verifier/mc3/C-pr23-public.json",
        "hashed_secret": "015aa4146a198ae9a8c1aa21009f14873b61f1d1",
        "is_verified": false,
        "line_number": 1
      },
      {
        "type": "Hex High Entropy String",
        "filename": "artifacts/verifier/mc3/C-pr23-public.json",
        "hashed_secret": "06b5d32230a99515fd4c30762be9ad97e27daaa8",
        "is_verified": false,
        "line_number": 1
      },
      {
        "type": "Hex High Entropy String",
        "filename": "artifacts/verifier/mc3/C-pr23-public.json",
        "hashed_secret": "0c6dc10b92e37fbadbb8eac6052e5db4d3d043eb",
        "is_verified": false,
        "line_number": 1
      },
      {
        "type": "Hex High Entropy String",
        "filename": "artifacts/verifier/mc3/C-pr23-public.json",
        "hashed_secret": "1d45529595608a3b0ec4199017f8a4e2a8aaa885",
        "is_verified": false,
        "line_number": 1
      },
      {
        "type": "Hex High Entropy String",
        "filename": "artifacts/verifier/mc3/C-pr23-public.json",
        "hashed_secret": "2094ae8e7a73d765dce38095b1ce15d70d536b8a",
        "is_verified": false,
        "line_number": 1
      },
      {
        "type": "Hex High Entropy String",
        "filename": "artifacts/verifier/mc3/C-pr23-public.json",
        "hashed_secret": "2321196fae3ddfee28ae7f5b6e158ee7941e581c",
        "is_verified": false,
        "line_number": 1
      },
      {
        "type": "Hex High Entropy String",
        "filename": "artifacts/verifier/mc3/C-pr23-public.json",
        "hashed_secret": "264066da407dba147da488ca4999171c379b4e36",
        "is_verified": false,
        "line_number": 1
      },
      {
        "type": "Hex High Entropy String",
        "filename": "artifacts/verifier/mc3/C-pr23-public.json",
        "hashed_secret": "287ed9709c9138a058f489304585a46a5f09a606",
        "is_verified": false,
        "line_number": 1
      },
      {
        "type": "Hex High Entropy String",
        "filename": "artifacts/verifier/mc3/C-pr23-public.json",
        "hashed_secret": "2ea05ab35dc5a32a3c7687a565351e988e70b7bd",
        "is_verified": false,
        "line_number": 1
      },
      {
        "type": "Hex High Entropy String",
        "filename": "artifacts/verifier/mc3/C-pr23-public.json",
        "hashed_secret": "37bde143b8de751d78d42a83de0a79d40e1278c5",
        "is_verified": false,
        "line_number": 1
      },
      {
        "type": "Hex High Entropy String",
        "filename": "artifacts/verifier/mc3/C-pr23-public.json",
        "hashed_secret": "41c08e13ea9faf577817ab80d8dc6920cac6b57a",
        "is_verified": false,
        "line_number": 1
      },
      {
        "type": "Hex High Entropy String",
        "filename": "artifacts/verifier/mc3/C-pr23-public.json",
        "hashed_secret": "42f2f70ef21800846c109f47c29c22d912064bcd",
        "is_verified": false,
        "line_number": 1
      },
      {
        "type": "Hex High Entropy String",
        "filename": "artifacts/verifier/mc3/C-pr23-public.json",
        "hashed_secret": "436341129f5bc861850a201e7b67246e10da82e8",
        "is_verified": false,
        "line_number": 1
      },
      {
        "type": "Hex High Entropy String",
        "filename": "artifacts/verifier/mc3/C-pr23-public.json",
        "hashed_secret": "505070a69da5840c0c76f76d5b6a7d1ccfadd6e7",
        "is_verified": false,
        "line_number": 1
      },
      {
        "type": "Hex High Entropy String",
        "filename": "artifacts/verifier/mc3/C-pr23-public.json",
        "hashed_secret": "53042eac8c7ba32ec7d0a51c32f85d9cf67740c8",
        "is_verified": false,
        "line_number": 1
      },
      {
        "type": "Hex High Entropy String",
        "filename": "artifacts/verifier/mc3/C-pr23-public.json",
        "hashed_secret": "591f5f65f71aeb5d64dab16ab3dc45e5d99d6ed6",
        "is_verified": false,
        "line_number": 1
      },
      {
        "type": "Hex High Entropy String",
        "filename": "artifacts/verifier/mc3/C-pr23-public.json",
        "hashed_secret": "59e2b1ba03c50462ec206ad84a81b76dd5af5e27",
        "is_verified": false,
        "line_number": 1
      },
      {
        "type": "Hex High Entropy String",
        "filename": "artifacts/verifier/mc3/C-pr23-public.json",
        "hashed_secret": "60761fe7630dd0e6fae36f970361783ca4b4433d",
        "is_verified": false,
        "line_number": 1
      },
      {
        "type": "Hex High Entropy String",
        "filename": "artifacts/verifier/mc3/C-pr23-public.json",
        "hashed_secret": "6788e4d10411eda10234751c1cc5c0dbddc09fd4",
        "is_verified": false,
        "line_number": 1
      },
      {
        "type": "Hex High Entropy String",
        "filename": "artifacts/verifier/mc3/C-pr23-public.json",
        "hashed_secret": "6ae6e932f32f43566325d6345fef4cecb9f50a03",
        "is_verified": false,
        "line_number": 1
      },
      {
        "type": "Hex High Entropy String",
        "filename": "artifacts/verifier/mc3/C-pr23-public.json",
        "hashed_secret": "6bff9801973816162828b675c3440cc3d43f4ed4",
        "is_verified": false,
        "line_number": 1
      },
      {
        "type": "Hex High Entropy String",
        "filename": "artifacts/verifier/mc3/C-pr23-public.json",
        "hashed_secret": "6e1cc5f88e46f5f7819cb4e543fd6d3a83e0bf59",
        "is_verified": false,
        "line_number": 1
      },
      {
        "type": "Hex High Entropy String",
        "filename": "artifacts/verifier/mc3/C-pr23-public.json",
        "hashed_secret": "72371781636d0c9795795bf0f5b276f1b4c0f227",
        "is_verified": false,
        "line_number": 1
      },
      {
        "type": "Hex High Entropy String",
        "filename": "artifacts/verifier/mc3/C-pr23-public.json",
        "hashed_secret": "74d1ce1ef441c3f7baf767c35c95da208f5f9c31",
        "is_verified": false,
        "line_number": 1
      },
      {
        "type": "Hex High Entropy String",
        "filename": "artifacts/verifier/mc3/C-pr23-public.json",
        "hashed_secret": "77c3329620a2df2fe77cacd542bcaf171f32fe6a",
        "is_verified": false,
        "line_number": 1
      },
      {
        "type": "Hex High Entropy String",
        "filename": "artifacts/verifier/mc3/C-pr23-public.json",
        "hashed_secret": "875d22e5198abbda42fda6852d20e40a0dbcc293",
        "is_verified": false,
        "line_number": 1
      },
      {
        "type": "Hex High Entropy String",
        "filename": "artifacts/verifier/mc3/C-pr23-public.json",
        "hashed_secret": "909cf174ca6676a17f4f8535490ea8e1f82e6eff",
        "is_verified": false,
        "line_number": 1
      },
      {
        "type": "Hex High Entropy String",
        "filename": "artifacts/verifier/mc3/C-pr23-public.json",
        "hashed_secret": "90a9dcb1f25ff93a81b1f89d47ce980a73688862",
        "is_verified": false,
        "line_number": 1
      },
      {
        "type": "Hex High Entropy String",
        "filename": "artifacts/verifier/mc3/C-pr23-public.json",
        "hashed_secret": "a242caf02d27e0c057699ffaf6797582c4b8c6d7",
        "is_verified": false,
        "line_number": 1
      },
      {
        "type": "Hex High Entropy String",
        "filename": "artifacts/verifier/mc3/C-pr23-public.json",
        "hashed_secret": "a3937d583ef822ed8cc756ec6d0a1b28f435cd58",
        "is_verified": false,
        "line_number": 1
      },
      {
        "type": "Hex High Entropy String",
        "filename": "artifacts/verifier/mc3/C-pr23-public.json",
        "hashed_secret": "a97554b7ec8f59f2d8e4a36ce08a0a6163cd7e86",
        "is_verified": false,
        "line_number": 1
      },
      {
        "type": "Hex High Entropy String",
        "filename": "artifacts/verifier/mc3/C-pr23-public.json",
        "hashed_secret": "a9e6c027515d05553666501adc5f2fbcd3bb18f2",
        "is_verified": false,
        "line_number": 1
      },
      {
        "type": "Hex High Entropy String",
        "filename": "artifacts/verifier/mc3/C-pr23-public.json",
        "hashed_secret": "af04c51ed96e1cc4a6755d1319309d67bd080cd7",
        "is_verified": false,
        "line_number": 1
      },
      {
        "type": "Hex High Entropy String",
        "filename": "artifacts/verifier/mc3/C-pr23-public.json",
        "hashed_secret": "b6b0052b26912667f293ab4ce138a309ed51abbd",
        "is_verified": false,
        "line_number": 1
      },
      {
        "type": "Hex High Entropy String",
        "filename": "artifacts/verifier/mc3/C-pr23-public.json",
        "hashed_secret": "b7a451652528993a391f88f27d4f7241ec619512",
        "is_verified": false,
        "line_number": 1
      },
      {
        "type": "Hex High Entropy String",
        "filename": "artifacts/verifier/mc3/C-pr23-public.json",
        "hashed_secret": "b951a32d73a77b172644e76531eee53f820b129c",
        "is_verified": false,
        "line_number": 1
      },
      {
        "type": "Hex High Entropy String",
        "filename": "artifacts/verifier/mc3/C-pr23-public.json",
        "hashed_secret": "bd9b47cd937c5d126249f640580256a390861152",
        "is_verified": false,
        "line_number": 1
      },
      {
        "type": "Hex High Entropy String",
        "filename": "artifacts/verifier/mc3/C-pr23-public.json",
        "hashed_secret": "c273476026e62979e084477ff4f65413ac17fc2e",
        "is_verified": false,
        "line_number": 1
      },
      {
        "type": "Hex High Entropy String",
        "filename": "artifacts/verifier/mc3/C-pr23-public.json",
        "hashed_secret": "c8d8f24c3a2c95caa2946ad3d24f9ea5e90833ea",
        "is_verified": false,
        "line_number": 1
      },
      {
        "type": "Hex High Entropy String",
        "filename": "artifacts/verifier/mc3/C-pr23-public.json",
        "hashed_secret": "d0cbf9c917ceb8ec38e387013518e165fcdcf898",
        "is_verified": false,
        "line_number": 1
      },
      {
        "type": "Hex High Entropy String",
        "filename": "artifacts/verifier/mc3/C-pr23-public.json",
        "hashed_secret": "d2195f319cd7eba42cdf3fbec89d660882ed7b8d",
        "is_verified": false,
        "line_number": 1
      },
      {
        "type": "Hex High Entropy String",
        "filename": "artifacts/verifier/mc3/C-pr23-public.json",
        "hashed_secret": "d5e3993dde066ddafbac78b3288f51f7e39115c7",
        "is_verified": false,
        "line_number": 1
      },
      {
        "type": "Hex High Entropy String",
        "filename": "artifacts/verifier/mc3/C-pr23-public.json",
        "hashed_secret": "d8653e245cec87b86145f7c5bc5b87a55e313b59",
        "is_verified": false,
        "line_number": 1
      },
      {
        "type": "Hex High Entropy String",
        "filename": "artifacts/verifier/mc3/C-pr23-public.json",
        "hashed_secret": "e25d79c832a3e0e96a626b956a546d3e8b74d232",
        "is_verified": false,
        "line_number": 1
      },
      {
        "type": "Hex High Entropy String",
        "filename": "artifacts/verifier/mc3/C-pr23-public.json",
        "hashed_secret": "e4369808158594d47fcf921fc5bb5236dc94307d",
        "is_verified": false,
        "line_number": 1
      },
      {
        "type": "Hex High Entropy String",
        "filename": "artifacts/verifier/mc3/C-pr23-public.json",
        "hashed_secret": "ea72daa0ead2e6e5e742c7259a26ed29219d018c",
        "is_verified": false,
        "line_number": 1
      },
      {
        "type": "Hex High Entropy String",
        "filename": "artifacts/verifier/mc3/C-pr23-public.json",
        "hashed_secret": "ebc52ecae0f268df02eb5dd8171818502ecf7a78",
        "is_verified": false,
        "line_number": 1
      },
      {
        "type": "Hex High Entropy String",
        "filename": "artifacts/verifier/mc3/C-pr23-public.json",
        "hashed_secret": "fa35dc606cb1f09704aefd70ca7d2b6c9fd94c7e",
        "is_verified": false,
        "line_number": 1
      }
    ],
    "tests/test_audit_v331.py": [
      {
        "type": "Secret Keyword",
        "filename": "tests/test_audit_v331.py",
        "hashed_secret": "2d1c3689e7808257bc4766b7a041f4ab23f18221",
        "is_verified": false,
        "line_number": 56
      },
      {
        "type": "Secret Keyword",
        "filename": "tests/test_audit_v331.py",
        "hashed_secret": "ae8d7f6c6ba6a60c610084db45a951794b1c3805",
        "is_verified": false,
        "line_number": 79
      },
      {
        "type": "Secret Keyword",
        "filename": "tests/test_audit_v331.py",
        "hashed_secret": "a4b48a81cdab1e1a5dd37907d6c85ca1c61ddc7c",
        "is_verified": false,
        "line_number": 87
      },
      {
        "type": "Secret Keyword",
        "filename": "tests/test_audit_v331.py",
        "hashed_secret": "7859fe48ea5b2d07394321d3d1b6c80e14a9abb8",
        "is_verified": false,
        "line_number": 101
      }
    ],
    "tests/test_auto_deploy.py": [
      {
        "type": "Secret Keyword",
        "filename": "tests/test_auto_deploy.py",
        "hashed_secret": "d92dd888170f7d376b6e703363cea504694db91c",
        "is_verified": false,
        "line_number": 18
      }
    ]
  },
  "generated_at": "2026-07-28T15:47:40Z"
}
