{
  "version": "1.5.0",
  "plugins_used": [
    {
      "name": "ArtifactoryDetector"
    },
    {
      "name": "AWSKeyDetector"
    },
    {
      "name": "AzureStorageKeyDetector"
    },
    {
      "name": "Base64HighEntropyString",
      "limit": 4.5
    },
    {
      "name": "BasicAuthDetector"
    },
    {
      "name": "CloudantDetector"
    },
    {
      "name": "DiscordBotTokenDetector"
    },
    {
      "name": "GitHubTokenDetector"
    },
    {
      "name": "GitLabTokenDetector"
    },
    {
      "name": "HexHighEntropyString",
      "limit": 3.0
    },
    {
      "name": "IbmCloudIamDetector"
    },
    {
      "name": "IbmCosHmacDetector"
    },
    {
      "name": "IPPublicDetector"
    },
    {
      "name": "JwtTokenDetector"
    },
    {
      "name": "KeywordDetector",
      "keyword_exclude": ""
    },
    {
      "name": "MailchimpDetector"
    },
    {
      "name": "NpmDetector"
    },
    {
      "name": "OpenAIDetector"
    },
    {
      "name": "PrivateKeyDetector"
    },
    {
      "name": "PypiTokenDetector"
    },
    {
      "name": "SendGridDetector"
    },
    {
      "name": "SlackDetector"
    },
    {
      "name": "SoftlayerDetector"
    },
    {
      "name": "SquareOAuthDetector"
    },
    {
      "name": "StripeDetector"
    },
    {
      "name": "TelegramBotTokenDetector"
    },
    {
      "name": "TwilioKeyDetector"
    }
  ],
  "filters_used": [
    {
      "path": "detect_secrets.filters.allowlist.is_line_allowlisted"
    },
    {
      "path": "detect_secrets.filters.common.is_baseline_file",
      "filename": ".secrets.baseline"
    },
    {
      "path": "detect_secrets.filters.common.is_ignored_due_to_verification_policies",
      "min_level": 2
    },
    {
      "path": "detect_secrets.filters.heuristic.is_indirect_reference"
    },
    {
      "path": "detect_secrets.filters.heuristic.is_likely_id_string"
    },
    {
      "path": "detect_secrets.filters.heuristic.is_lock_file"
    },
    {
      "path": "detect_secrets.filters.heuristic.is_not_alphanumeric_string"
    },
    {
      "path": "detect_secrets.filters.heuristic.is_potential_uuid"
    },
    {
      "path": "detect_secrets.filters.heuristic.is_prefixed_with_dollar_sign"
    },
    {
      "path": "detect_secrets.filters.heuristic.is_sequential_string"
    },
    {
      "path": "detect_secrets.filters.heuristic.is_swagger_file"
    },
    {
      "path": "detect_secrets.filters.heuristic.is_templated_secret"
    },
    {
      "path": "detect_secrets.filters.regex.should_exclude_file",
      "pattern": [
        "\\.venv/|__pycache__/|\\.git/|\\.mypy_cache/|\\.pytest_cache/|\\.ruff_cache/|audit/|\\.secrets\\.baseline"
      ]
    }
  ],
  "results": {
    "governance/engine-build-dispositions.json": [
      {
        "type": "Hex High Entropy String",
        "filename": "governance/engine-build-dispositions.json",
        "hashed_secret": "e576d0837f40836fa078b3b7e27b52e9d17a2c39",
        "is_verified": false,
        "line_number": 10
      },
      {
        "type": "Hex High Entropy String",
        "filename": "governance/engine-build-dispositions.json",
        "hashed_secret": "fa02505ad1daf8d7380efa1488a19d47eda99b4b",
        "is_verified": false,
        "line_number": 11
      },
      {
        "type": "Hex High Entropy String",
        "filename": "governance/engine-build-dispositions.json",
        "hashed_secret": "1e3d5f882befd5d5706f86dea6b85e86fb14b47e",
        "is_verified": false,
        "line_number": 12
      },
      {
        "type": "Hex High Entropy String",
        "filename": "governance/engine-build-dispositions.json",
        "hashed_secret": "07ee98c912769600490bbeca4ff0748ff0b03036",
        "is_verified": false,
        "line_number": 13
      },
      {
        "type": "Hex High Entropy String",
        "filename": "governance/engine-build-dispositions.json",
        "hashed_secret": "b2aa1f1944d50f7bb050be8c56c26d06c35cb20f",
        "is_verified": false,
        "line_number": 14
      }
    ],
    "governance/midterm-panel-engine-release.json": [
      {
        "type": "Hex High Entropy String",
        "filename": "governance/midterm-panel-engine-release.json",
        "hashed_secret": "33052aa7872f8de9a52d608416454e8a46956c4b",
        "is_verified": false,
        "line_number": 6
      },
      {
        "type": "Hex High Entropy String",
        "filename": "governance/midterm-panel-engine-release.json",
        "hashed_secret": "8b07a0391285e73cadd03b97ac1b08b7d8540e78",
        "is_verified": false,
        "line_number": 8
      },
      {
        "type": "Hex High Entropy String",
        "filename": "governance/midterm-panel-engine-release.json",
        "hashed_secret": "8b45ec287c30fc34e5452a5e0e4fadef9cbcbc7c",
        "is_verified": false,
        "line_number": 10
      },
      {
        "type": "Hex High Entropy String",
        "filename": "governance/midterm-panel-engine-release.json",
        "hashed_secret": "5c084cb0fa9fd695f0f0f3caa79f7b76553f1e23",
        "is_verified": false,
        "line_number": 11
      },
      {
        "type": "Hex High Entropy String",
        "filename": "governance/midterm-panel-engine-release.json",
        "hashed_secret": "1155e3fafa7b33e0a463cee3be91e0410a970baf",
        "is_verified": false,
        "line_number": 21
      },
      {
        "type": "Hex High Entropy String",
        "filename": "governance/midterm-panel-engine-release.json",
        "hashed_secret": "7a6ada3d81ddff502553b78a69e9d8f528ebbf0d",
        "is_verified": false,
        "line_number": 22
      },
      {
        "type": "Hex High Entropy String",
        "filename": "governance/midterm-panel-engine-release.json",
        "hashed_secret": "fddae0219335ed4f9049c2be567cf6a6d1838797",
        "is_verified": false,
        "line_number": 23
      },
      {
        "type": "Hex High Entropy String",
        "filename": "governance/midterm-panel-engine-release.json",
        "hashed_secret": "dbbe5141c1353d7d12626b3d989fd9b9cf5008c3",
        "is_verified": false,
        "line_number": 24
      },
      {
        "type": "Hex High Entropy String",
        "filename": "governance/midterm-panel-engine-release.json",
        "hashed_secret": "7e96f5a3556d74b1de8c89c7c12f2ec8a0e3b2d5",
        "is_verified": false,
        "line_number": 37
      }
    ],
    "tests/test_audit_v331.py": [
      {
        "type": "Secret Keyword",
        "filename": "tests/test_audit_v331.py",
        "hashed_secret": "2d1c3689e7808257bc4766b7a041f4ab23f18221",
        "is_verified": false,
        "line_number": 56
      },
      {
        "type": "Secret Keyword",
        "filename": "tests/test_audit_v331.py",
        "hashed_secret": "ae8d7f6c6ba6a60c610084db45a951794b1c3805",
        "is_verified": false,
        "line_number": 79
      },
      {
        "type": "Secret Keyword",
        "filename": "tests/test_audit_v331.py",
        "hashed_secret": "a4b48a81cdab1e1a5dd37907d6c85ca1c61ddc7c",
        "is_verified": false,
        "line_number": 87
      },
      {
        "type": "Secret Keyword",
        "filename": "tests/test_audit_v331.py",
        "hashed_secret": "7859fe48ea5b2d07394321d3d1b6c80e14a9abb8",
        "is_verified": false,
        "line_number": 101
      }
    ],
    "tests/test_auto_deploy.py": [
      {
        "type": "Secret Keyword",
        "filename": "tests/test_auto_deploy.py",
        "hashed_secret": "d92dd888170f7d376b6e703363cea504694db91c",
        "is_verified": false,
        "line_number": 18
      }
    ]
  },
  "generated_at": "2026-08-14T21:18:16Z"
}
