{
  "version": "1.5.0",
  "plugins_used": [
    {
      "name": "ArtifactoryDetector"
    },
    {
      "name": "AWSKeyDetector"
    },
    {
      "name": "AzureStorageKeyDetector"
    },
    {
      "name": "Base64HighEntropyString",
      "limit": 4.5
    },
    {
      "name": "BasicAuthDetector"
    },
    {
      "name": "CloudantDetector"
    },
    {
      "name": "DiscordBotTokenDetector"
    },
    {
      "name": "GitHubTokenDetector"
    },
    {
      "name": "GitLabTokenDetector"
    },
    {
      "name": "HexHighEntropyString",
      "limit": 3.0
    },
    {
      "name": "IbmCloudIamDetector"
    },
    {
      "name": "IbmCosHmacDetector"
    },
    {
      "name": "IPPublicDetector"
    },
    {
      "name": "JwtTokenDetector"
    },
    {
      "name": "KeywordDetector",
      "keyword_exclude": ""
    },
    {
      "name": "MailchimpDetector"
    },
    {
      "name": "NpmDetector"
    },
    {
      "name": "OpenAIDetector"
    },
    {
      "name": "PrivateKeyDetector"
    },
    {
      "name": "PypiTokenDetector"
    },
    {
      "name": "SendGridDetector"
    },
    {
      "name": "SlackDetector"
    },
    {
      "name": "SoftlayerDetector"
    },
    {
      "name": "SquareOAuthDetector"
    },
    {
      "name": "StripeDetector"
    },
    {
      "name": "TelegramBotTokenDetector"
    },
    {
      "name": "TwilioKeyDetector"
    }
  ],
  "filters_used": [
    {
      "path": "detect_secrets.filters.allowlist.is_line_allowlisted"
    },
    {
      "path": "detect_secrets.filters.common.is_baseline_file",
      "filename": ".secrets.baseline"
    },
    {
      "path": "detect_secrets.filters.common.is_ignored_due_to_verification_policies",
      "min_level": 2
    },
    {
      "path": "detect_secrets.filters.heuristic.is_indirect_reference"
    },
    {
      "path": "detect_secrets.filters.heuristic.is_likely_id_string"
    },
    {
      "path": "detect_secrets.filters.heuristic.is_lock_file"
    },
    {
      "path": "detect_secrets.filters.heuristic.is_not_alphanumeric_string"
    },
    {
      "path": "detect_secrets.filters.heuristic.is_potential_uuid"
    },
    {
      "path": "detect_secrets.filters.heuristic.is_prefixed_with_dollar_sign"
    },
    {
      "path": "detect_secrets.filters.heuristic.is_sequential_string"
    },
    {
      "path": "detect_secrets.filters.heuristic.is_swagger_file"
    },
    {
      "path": "detect_secrets.filters.heuristic.is_templated_secret"
    },
    {
      "path": "detect_secrets.filters.regex.should_exclude_file",
      "pattern": [
        "\\.venv/|__pycache__/|\\.git/|\\.mypy_cache/|\\.pytest_cache/|\\.ruff_cache/|audit/|\\.secrets\\.baseline"
      ]
    }
  ],
  "results": {
    "docs/alert-stage1-gate.json": [
      {
        "type": "Hex High Entropy String",
        "filename": "docs/alert-stage1-gate.json",
        "hashed_secret": "363ca5963cb158803558b31df2f773653ab184fc",
        "is_verified": false,
        "line_number": 6
      },
      {
        "type": "Hex High Entropy String",
        "filename": "docs/alert-stage1-gate.json",
        "hashed_secret": "45f3495e1d46c5973304e566e443fd1942f39052",
        "is_verified": false,
        "line_number": 69
      },
      {
        "type": "Hex High Entropy String",
        "filename": "docs/alert-stage1-gate.json",
        "hashed_secret": "3fe3278a1b10bc6c87aecc107cf0d290845c44c3",
        "is_verified": false,
        "line_number": 70
      },
      {
        "type": "Hex High Entropy String",
        "filename": "docs/alert-stage1-gate.json",
        "hashed_secret": "d7ef220d34cd68ff85b63143ba8b73059d4b3330",
        "is_verified": false,
        "line_number": 155
      }
    ],
    "governance/engine-build-dispositions.json": [
      {
        "type": "Hex High Entropy String",
        "filename": "governance/engine-build-dispositions.json",
        "hashed_secret": "e576d0837f40836fa078b3b7e27b52e9d17a2c39",
        "is_verified": false,
        "line_number": 10
      },
      {
        "type": "Hex High Entropy String",
        "filename": "governance/engine-build-dispositions.json",
        "hashed_secret": "fa02505ad1daf8d7380efa1488a19d47eda99b4b",
        "is_verified": false,
        "line_number": 11
      },
      {
        "type": "Hex High Entropy String",
        "filename": "governance/engine-build-dispositions.json",
        "hashed_secret": "1e3d5f882befd5d5706f86dea6b85e86fb14b47e",
        "is_verified": false,
        "line_number": 12
      },
      {
        "type": "Hex High Entropy String",
        "filename": "governance/engine-build-dispositions.json",
        "hashed_secret": "07ee98c912769600490bbeca4ff0748ff0b03036",
        "is_verified": false,
        "line_number": 13
      },
      {
        "type": "Hex High Entropy String",
        "filename": "governance/engine-build-dispositions.json",
        "hashed_secret": "b2aa1f1944d50f7bb050be8c56c26d06c35cb20f",
        "is_verified": false,
        "line_number": 14
      }
    ],
    "governance/midterm-panel-engine-release.json": [
      {
        "type": "Hex High Entropy String",
        "filename": "governance/midterm-panel-engine-release.json",
        "hashed_secret": "33052aa7872f8de9a52d608416454e8a46956c4b",
        "is_verified": false,
        "line_number": 6
      },
      {
        "type": "Hex High Entropy String",
        "filename": "governance/midterm-panel-engine-release.json",
        "hashed_secret": "8b07a0391285e73cadd03b97ac1b08b7d8540e78",
        "is_verified": false,
        "line_number": 8
      },
      {
        "type": "Hex High Entropy String",
        "filename": "governance/midterm-panel-engine-release.json",
        "hashed_secret": "8b45ec287c30fc34e5452a5e0e4fadef9cbcbc7c",
        "is_verified": false,
        "line_number": 10
      },
      {
        "type": "Hex High Entropy String",
        "filename": "governance/midterm-panel-engine-release.json",
        "hashed_secret": "5c084cb0fa9fd695f0f0f3caa79f7b76553f1e23",
        "is_verified": false,
        "line_number": 11
      },
      {
        "type": "Hex High Entropy String",
        "filename": "governance/midterm-panel-engine-release.json",
        "hashed_secret": "1155e3fafa7b33e0a463cee3be91e0410a970baf",
        "is_verified": false,
        "line_number": 21
      },
      {
        "type": "Hex High Entropy String",
        "filename": "governance/midterm-panel-engine-release.json",
        "hashed_secret": "7a6ada3d81ddff502553b78a69e9d8f528ebbf0d",
        "is_verified": false,
        "line_number": 22
      },
      {
        "type": "Hex High Entropy String",
        "filename": "governance/midterm-panel-engine-release.json",
        "hashed_secret": "fddae0219335ed4f9049c2be567cf6a6d1838797",
        "is_verified": false,
        "line_number": 23
      },
      {
        "type": "Hex High Entropy String",
        "filename": "governance/midterm-panel-engine-release.json",
        "hashed_secret": "dbbe5141c1353d7d12626b3d989fd9b9cf5008c3",
        "is_verified": false,
        "line_number": 24
      },
      {
        "type": "Hex High Entropy String",
        "filename": "governance/midterm-panel-engine-release.json",
        "hashed_secret": "7e96f5a3556d74b1de8c89c7c12f2ec8a0e3b2d5",
        "is_verified": false,
        "line_number": 37
      }
    ],
    "tests/fixtures/alert_replay_history.json": [
      {
        "type": "Hex High Entropy String",
        "filename": "tests/fixtures/alert_replay_history.json",
        "hashed_secret": "e4240650f89584310e59cf12bfb3a0f0e264f13d",
        "is_verified": false,
        "line_number": 23
      },
      {
        "type": "Hex High Entropy String",
        "filename": "tests/fixtures/alert_replay_history.json",
        "hashed_secret": "b5d86ac047511985234e796b8b7043c6d8421880",
        "is_verified": false,
        "line_number": 26
      },
      {
        "type": "Hex High Entropy String",
        "filename": "tests/fixtures/alert_replay_history.json",
        "hashed_secret": "6fc5487620b4d6c26b4391a8fb2ced4f1ff6b83e",
        "is_verified": false,
        "line_number": 38
      },
      {
        "type": "Hex High Entropy String",
        "filename": "tests/fixtures/alert_replay_history.json",
        "hashed_secret": "5f6a2702794c0106e109040eed2a8d2d34910a2a",
        "is_verified": false,
        "line_number": 50
      },
      {
        "type": "Hex High Entropy String",
        "filename": "tests/fixtures/alert_replay_history.json",
        "hashed_secret": "97834642c2b8e84c36f59a5746ed79a79b4607d0",
        "is_verified": false,
        "line_number": 53
      },
      {
        "type": "Hex High Entropy String",
        "filename": "tests/fixtures/alert_replay_history.json",
        "hashed_secret": "22e0aa82de4461f8efab67d8c64165139d665941",
        "is_verified": false,
        "line_number": 65
      },
      {
        "type": "Hex High Entropy String",
        "filename": "tests/fixtures/alert_replay_history.json",
        "hashed_secret": "6b7656bc1148cf9ff1d717ba3fc37ce1134ce9c5",
        "is_verified": false,
        "line_number": 149
      },
      {
        "type": "Hex High Entropy String",
        "filename": "tests/fixtures/alert_replay_history.json",
        "hashed_secret": "28568944a4736b842cf9e121ab82e367ffb36c3d",
        "is_verified": false,
        "line_number": 152
      },
      {
        "type": "Hex High Entropy String",
        "filename": "tests/fixtures/alert_replay_history.json",
        "hashed_secret": "50635b632d4e2ab3dd6e05e4f0877b48370c57be",
        "is_verified": false,
        "line_number": 164
      },
      {
        "type": "Hex High Entropy String",
        "filename": "tests/fixtures/alert_replay_history.json",
        "hashed_secret": "5719197d7065d160b90d189bfd0f2ea9b5b98184",
        "is_verified": false,
        "line_number": 248
      },
      {
        "type": "Hex High Entropy String",
        "filename": "tests/fixtures/alert_replay_history.json",
        "hashed_secret": "f6a0457c03d565a49f6d24e4a42a4566f0be09ba",
        "is_verified": false,
        "line_number": 251
      },
      {
        "type": "Hex High Entropy String",
        "filename": "tests/fixtures/alert_replay_history.json",
        "hashed_secret": "e412a00f7c90ae12c6e723691ce29dea8c8d0b2f",
        "is_verified": false,
        "line_number": 263
      },
      {
        "type": "Hex High Entropy String",
        "filename": "tests/fixtures/alert_replay_history.json",
        "hashed_secret": "b6c8030d28f466bd1d242c1c7e40129ba94b55a9",
        "is_verified": false,
        "line_number": 347
      },
      {
        "type": "Hex High Entropy String",
        "filename": "tests/fixtures/alert_replay_history.json",
        "hashed_secret": "5cb7c4fa86e79637bfef49489dcd7a2b722a263f",
        "is_verified": false,
        "line_number": 350
      },
      {
        "type": "Hex High Entropy String",
        "filename": "tests/fixtures/alert_replay_history.json",
        "hashed_secret": "7047664f9ff1dc4abf0cbaba43991a1a3507b7d8",
        "is_verified": false,
        "line_number": 362
      },
      {
        "type": "Hex High Entropy String",
        "filename": "tests/fixtures/alert_replay_history.json",
        "hashed_secret": "478aa43420eed7f0136190d6948b9f68cfef4086",
        "is_verified": false,
        "line_number": 446
      },
      {
        "type": "Hex High Entropy String",
        "filename": "tests/fixtures/alert_replay_history.json",
        "hashed_secret": "86ca9f950be821fe346e74e333079981d2d5b069",
        "is_verified": false,
        "line_number": 449
      },
      {
        "type": "Hex High Entropy String",
        "filename": "tests/fixtures/alert_replay_history.json",
        "hashed_secret": "725f10091549d91a837876cde1c7fda1a1409ae6",
        "is_verified": false,
        "line_number": 461
      },
      {
        "type": "Hex High Entropy String",
        "filename": "tests/fixtures/alert_replay_history.json",
        "hashed_secret": "f0f19181d96b326c6aa7a881c30a9e8cb675a05a",
        "is_verified": false,
        "line_number": 545
      },
      {
        "type": "Hex High Entropy String",
        "filename": "tests/fixtures/alert_replay_history.json",
        "hashed_secret": "03bdba67d195d0cd7495551a8817fdb3a6d3ad14",
        "is_verified": false,
        "line_number": 548
      },
      {
        "type": "Hex High Entropy String",
        "filename": "tests/fixtures/alert_replay_history.json",
        "hashed_secret": "db7257696ed8a1ebf4a00aa6cb78cbb4374986de",
        "is_verified": false,
        "line_number": 560
      },
      {
        "type": "Hex High Entropy String",
        "filename": "tests/fixtures/alert_replay_history.json",
        "hashed_secret": "40a40ea9709885692baafad5b3425f78ff600aa0",
        "is_verified": false,
        "line_number": 617
      },
      {
        "type": "Hex High Entropy String",
        "filename": "tests/fixtures/alert_replay_history.json",
        "hashed_secret": "58330b35bb3c4bb9e3d7094f22529a4d7dc0e16b",
        "is_verified": false,
        "line_number": 620
      },
      {
        "type": "Hex High Entropy String",
        "filename": "tests/fixtures/alert_replay_history.json",
        "hashed_secret": "e1f86f3703682ff14f75140fed24c3b328a2a654",
        "is_verified": false,
        "line_number": 632
      },
      {
        "type": "Hex High Entropy String",
        "filename": "tests/fixtures/alert_replay_history.json",
        "hashed_secret": "4d3f5d7cff4626729b6c22057cad120f0d349246",
        "is_verified": false,
        "line_number": 644
      },
      {
        "type": "Hex High Entropy String",
        "filename": "tests/fixtures/alert_replay_history.json",
        "hashed_secret": "a57050a14f97b699afbbb9a75619e3ab6101e12e",
        "is_verified": false,
        "line_number": 647
      },
      {
        "type": "Hex High Entropy String",
        "filename": "tests/fixtures/alert_replay_history.json",
        "hashed_secret": "26417e230451e588c3486ba444c18880a919ec3d",
        "is_verified": false,
        "line_number": 659
      },
      {
        "type": "Hex High Entropy String",
        "filename": "tests/fixtures/alert_replay_history.json",
        "hashed_secret": "f738c22f059ce065c41b599ce453da815d443630",
        "is_verified": false,
        "line_number": 743
      },
      {
        "type": "Hex High Entropy String",
        "filename": "tests/fixtures/alert_replay_history.json",
        "hashed_secret": "7391413fc8c1b2888ff6cc697846dceff4a951c8",
        "is_verified": false,
        "line_number": 746
      },
      {
        "type": "Hex High Entropy String",
        "filename": "tests/fixtures/alert_replay_history.json",
        "hashed_secret": "df27cc1a37d69862d1de7e0007dd6e202fd21afd",
        "is_verified": false,
        "line_number": 758
      },
      {
        "type": "Hex High Entropy String",
        "filename": "tests/fixtures/alert_replay_history.json",
        "hashed_secret": "e8cecf6758c7c0cc628aeeba74adcfbce92454df",
        "is_verified": false,
        "line_number": 842
      },
      {
        "type": "Hex High Entropy String",
        "filename": "tests/fixtures/alert_replay_history.json",
        "hashed_secret": "1cd8c66e9f14958c86429ec0f7c1b142bcfdd82d",
        "is_verified": false,
        "line_number": 845
      },
      {
        "type": "Hex High Entropy String",
        "filename": "tests/fixtures/alert_replay_history.json",
        "hashed_secret": "39b59ac95b8ba118507dd97c494850887101eb11",
        "is_verified": false,
        "line_number": 857
      },
      {
        "type": "Hex High Entropy String",
        "filename": "tests/fixtures/alert_replay_history.json",
        "hashed_secret": "97f1c005981ea741869c68ec689fe300972a7a19",
        "is_verified": false,
        "line_number": 941
      },
      {
        "type": "Hex High Entropy String",
        "filename": "tests/fixtures/alert_replay_history.json",
        "hashed_secret": "bb1cc0a1d2254c1307096bce32cb1e4488a7b298",
        "is_verified": false,
        "line_number": 944
      },
      {
        "type": "Hex High Entropy String",
        "filename": "tests/fixtures/alert_replay_history.json",
        "hashed_secret": "23a7e0a29908f1fd14379731eee95309407b82a0",
        "is_verified": false,
        "line_number": 956
      },
      {
        "type": "Hex High Entropy String",
        "filename": "tests/fixtures/alert_replay_history.json",
        "hashed_secret": "02788179948eb0ccdc58c113434f59ca2fa3f30e",
        "is_verified": false,
        "line_number": 1040
      },
      {
        "type": "Hex High Entropy String",
        "filename": "tests/fixtures/alert_replay_history.json",
        "hashed_secret": "c5854c0a5740646cb9930a62fe65ca463c5c920a",
        "is_verified": false,
        "line_number": 1043
      },
      {
        "type": "Hex High Entropy String",
        "filename": "tests/fixtures/alert_replay_history.json",
        "hashed_secret": "cc13e1bfde6e560c47aeedffa5503f4b0ea1b1d4",
        "is_verified": false,
        "line_number": 1055
      },
      {
        "type": "Hex High Entropy String",
        "filename": "tests/fixtures/alert_replay_history.json",
        "hashed_secret": "2de1ffb7ae0487b3dd5bb0ada354394d8dd60195",
        "is_verified": false,
        "line_number": 1139
      },
      {
        "type": "Hex High Entropy String",
        "filename": "tests/fixtures/alert_replay_history.json",
        "hashed_secret": "dc82e0182acb108b91648c2a4a305ac5af8f5fe1",
        "is_verified": false,
        "line_number": 1142
      },
      {
        "type": "Hex High Entropy String",
        "filename": "tests/fixtures/alert_replay_history.json",
        "hashed_secret": "859b76479695fcfaf116f807fad349d5c4b65fc2",
        "is_verified": false,
        "line_number": 1154
      },
      {
        "type": "Hex High Entropy String",
        "filename": "tests/fixtures/alert_replay_history.json",
        "hashed_secret": "16224e5e71c8ee401562ade6ebf82d08d61d806d",
        "is_verified": false,
        "line_number": 1211
      },
      {
        "type": "Hex High Entropy String",
        "filename": "tests/fixtures/alert_replay_history.json",
        "hashed_secret": "14c5a3f807b96f720028ddc40161b44b8d458e25",
        "is_verified": false,
        "line_number": 1214
      },
      {
        "type": "Hex High Entropy String",
        "filename": "tests/fixtures/alert_replay_history.json",
        "hashed_secret": "153bf4f93c6854c9327c251a708723b9d92dd1da",
        "is_verified": false,
        "line_number": 1226
      },
      {
        "type": "Hex High Entropy String",
        "filename": "tests/fixtures/alert_replay_history.json",
        "hashed_secret": "d1a5c222f939b976163af7bf413c14ba58947988",
        "is_verified": false,
        "line_number": 1238
      },
      {
        "type": "Hex High Entropy String",
        "filename": "tests/fixtures/alert_replay_history.json",
        "hashed_secret": "1e114573879b70a8e3414dbb30a47a8a210eabf4",
        "is_verified": false,
        "line_number": 1241
      },
      {
        "type": "Hex High Entropy String",
        "filename": "tests/fixtures/alert_replay_history.json",
        "hashed_secret": "52d7a7687c400abddfac817f9f3a3c3fbe31b25b",
        "is_verified": false,
        "line_number": 1253
      },
      {
        "type": "Hex High Entropy String",
        "filename": "tests/fixtures/alert_replay_history.json",
        "hashed_secret": "5220833794fa7e8d5bd5082ae04ae3b986296522",
        "is_verified": false,
        "line_number": 1337
      },
      {
        "type": "Hex High Entropy String",
        "filename": "tests/fixtures/alert_replay_history.json",
        "hashed_secret": "fb8ad326de88e1e4365eb7521305acdc24a16e5d",
        "is_verified": false,
        "line_number": 1340
      },
      {
        "type": "Hex High Entropy String",
        "filename": "tests/fixtures/alert_replay_history.json",
        "hashed_secret": "223231a1e374abe8d10d38e020fde459ea133d94",
        "is_verified": false,
        "line_number": 1352
      },
      {
        "type": "Hex High Entropy String",
        "filename": "tests/fixtures/alert_replay_history.json",
        "hashed_secret": "c18297f5fb19e84215f43ec8d55d395cf152847d",
        "is_verified": false,
        "line_number": 1436
      },
      {
        "type": "Hex High Entropy String",
        "filename": "tests/fixtures/alert_replay_history.json",
        "hashed_secret": "d294047fbf8ea6f4741267b7fc09ff650d69e47a",
        "is_verified": false,
        "line_number": 1439
      },
      {
        "type": "Hex High Entropy String",
        "filename": "tests/fixtures/alert_replay_history.json",
        "hashed_secret": "797deccf7fcf03d3660e95cfaedefd75c9530390",
        "is_verified": false,
        "line_number": 1451
      },
      {
        "type": "Hex High Entropy String",
        "filename": "tests/fixtures/alert_replay_history.json",
        "hashed_secret": "03a9ba94f6c33ce9ce85bb4192d2b498ce8358ff",
        "is_verified": false,
        "line_number": 1535
      },
      {
        "type": "Hex High Entropy String",
        "filename": "tests/fixtures/alert_replay_history.json",
        "hashed_secret": "e95199dacf4db9c52b437e3409ca289c0278fdd4",
        "is_verified": false,
        "line_number": 1538
      },
      {
        "type": "Hex High Entropy String",
        "filename": "tests/fixtures/alert_replay_history.json",
        "hashed_secret": "d37cd1ae4a232465c5646a19318bc35d8bbd3614",
        "is_verified": false,
        "line_number": 1550
      },
      {
        "type": "Hex High Entropy String",
        "filename": "tests/fixtures/alert_replay_history.json",
        "hashed_secret": "100feceeafd931819663af4b9f6dd9ff2de8bd47",
        "is_verified": false,
        "line_number": 1634
      },
      {
        "type": "Hex High Entropy String",
        "filename": "tests/fixtures/alert_replay_history.json",
        "hashed_secret": "4f85889a86660c34b1d023ae6549b5857d8afbdc",
        "is_verified": false,
        "line_number": 1637
      },
      {
        "type": "Hex High Entropy String",
        "filename": "tests/fixtures/alert_replay_history.json",
        "hashed_secret": "9e08c23ba83a52978ffff1ac1f95b8741b9863f4",
        "is_verified": false,
        "line_number": 1649
      },
      {
        "type": "Hex High Entropy String",
        "filename": "tests/fixtures/alert_replay_history.json",
        "hashed_secret": "c1dae0b6cc237e11014c55e79f489308737a651e",
        "is_verified": false,
        "line_number": 1733
      },
      {
        "type": "Hex High Entropy String",
        "filename": "tests/fixtures/alert_replay_history.json",
        "hashed_secret": "8dfe584a604066bb8fb750aee6253b5b609fa360",
        "is_verified": false,
        "line_number": 1736
      },
      {
        "type": "Hex High Entropy String",
        "filename": "tests/fixtures/alert_replay_history.json",
        "hashed_secret": "3870c8455f339e9cf502137f9621d2e80a2fd082",
        "is_verified": false,
        "line_number": 1748
      },
      {
        "type": "Hex High Entropy String",
        "filename": "tests/fixtures/alert_replay_history.json",
        "hashed_secret": "a3292082715db44ae9e949c38eb84058344ed0bc",
        "is_verified": false,
        "line_number": 1805
      },
      {
        "type": "Hex High Entropy String",
        "filename": "tests/fixtures/alert_replay_history.json",
        "hashed_secret": "de2ba111cc72b54d12e02f2f939dca4623bcd320",
        "is_verified": false,
        "line_number": 1808
      },
      {
        "type": "Hex High Entropy String",
        "filename": "tests/fixtures/alert_replay_history.json",
        "hashed_secret": "038e258fae84cc6c73e3b16b62d0a6caa7a5b333",
        "is_verified": false,
        "line_number": 1820
      },
      {
        "type": "Hex High Entropy String",
        "filename": "tests/fixtures/alert_replay_history.json",
        "hashed_secret": "e50edd5cec9f3d25e7b4ece02ac786c9c662ebac",
        "is_verified": false,
        "line_number": 1832
      },
      {
        "type": "Hex High Entropy String",
        "filename": "tests/fixtures/alert_replay_history.json",
        "hashed_secret": "aa0c5140f885be02f42f32ee3ed2f1ef957ecee0",
        "is_verified": false,
        "line_number": 1835
      },
      {
        "type": "Hex High Entropy String",
        "filename": "tests/fixtures/alert_replay_history.json",
        "hashed_secret": "1ebf5a000f809e8c0ce4f9c63200a0cc0fcf7b1b",
        "is_verified": false,
        "line_number": 1847
      },
      {
        "type": "Hex High Entropy String",
        "filename": "tests/fixtures/alert_replay_history.json",
        "hashed_secret": "3fd72714da7075b082e2eaac68ce9beab27e6425",
        "is_verified": false,
        "line_number": 1931
      },
      {
        "type": "Hex High Entropy String",
        "filename": "tests/fixtures/alert_replay_history.json",
        "hashed_secret": "c1cd48fc1c7ddf59c94dcab17a6217972abf5bfb",
        "is_verified": false,
        "line_number": 1934
      },
      {
        "type": "Hex High Entropy String",
        "filename": "tests/fixtures/alert_replay_history.json",
        "hashed_secret": "e1e589754251d7071b330a2b92d1a6d09fed1865",
        "is_verified": false,
        "line_number": 1946
      },
      {
        "type": "Hex High Entropy String",
        "filename": "tests/fixtures/alert_replay_history.json",
        "hashed_secret": "363ca5963cb158803558b31df2f773653ab184fc",
        "is_verified": false,
        "line_number": 1993
      }
    ],
    "tests/test_audit_v331.py": [
      {
        "type": "Secret Keyword",
        "filename": "tests/test_audit_v331.py",
        "hashed_secret": "2d1c3689e7808257bc4766b7a041f4ab23f18221",
        "is_verified": false,
        "line_number": 56
      },
      {
        "type": "Secret Keyword",
        "filename": "tests/test_audit_v331.py",
        "hashed_secret": "ae8d7f6c6ba6a60c610084db45a951794b1c3805",
        "is_verified": false,
        "line_number": 79
      },
      {
        "type": "Secret Keyword",
        "filename": "tests/test_audit_v331.py",
        "hashed_secret": "a4b48a81cdab1e1a5dd37907d6c85ca1c61ddc7c",
        "is_verified": false,
        "line_number": 87
      },
      {
        "type": "Secret Keyword",
        "filename": "tests/test_audit_v331.py",
        "hashed_secret": "7859fe48ea5b2d07394321d3d1b6c80e14a9abb8",
        "is_verified": false,
        "line_number": 101
      }
    ],
    "tests/test_auto_deploy.py": [
      {
        "type": "Secret Keyword",
        "filename": "tests/test_auto_deploy.py",
        "hashed_secret": "d92dd888170f7d376b6e703363cea504694db91c",
        "is_verified": false,
        "line_number": 18
      }
    ]
  },
  "generated_at": "2026-08-16T10:51:36Z"
}
